version https://git-lfs.github.com/spec/v1
oid sha256:782866aa2f0820de2e10100ca7ff218a10165aacef046a72d640cca23dc57cd5
size 91156480
